<html>
<body>
<pre>
<h1>µVision Build Log</h1>
<h2>Tool Versions:</h2>
IDE-Version: µVision V5.37.0.0
Copyright (C) 2022 ARM Ltd and ARM Germany GmbH. All rights reserved.
License Information: tolga em, -, LIC=----
 
Tool Versions:
Toolchain:       MDK-Lite  Version: 5.37.0.0
Toolchain Path:  C:\Keil_v5\ARM\ARMCLANG\Bin
C Compiler:      ArmClang.exe V6.18
Assembler:       Armasm.exe V6.18
Linker/Locator:  ArmLink.exe V6.18
Library Manager: ArmAr.exe V6.18
Hex Converter:   FromElf.exe V6.18
CPU DLL:         SARMCM3.DLL V5.37.0.0
Dialog DLL:      DCM.DLL V1.17.5.0
Target DLL:      STLink\ST-LINKIII-KEIL_SWO.dll V3.0.9.0
Dialog DLL:      TCM.DLL V1.56.1.0
 
<h2>Project:</h2>
D:\fastbid_MCU1_courrse_KEÝL\spi_work_sample\spi_work_sample.uvprojx
Project File Date:  10/22/2022

<h2>Output:</h2>
*** Using Compiler 'V6.18', folder: 'C:\Keil_v5\ARM\ARMCLANG\Bin'
Build target 'Target 1'
main.c(3): warning: // comments are not allowed in this language [-Wcomment]
#include "stm32f10x.h"                  // Device header
                                        ^
main.c(13): warning: this function declaration is not a prototype [-Wstrict-prototypes]
void GPIO_config();
                ^
                 void
main.c(14): warning: this function declaration is not a prototype [-Wstrict-prototypes]
void SPI2_config();
                ^
                 void
main.c(23): warning: incompatible pointer types passing 'int[4]' to parameter of type 'uint8_t *' (aka 'unsigned char *') [-Wincompatible-pointer-types]
        send_data(data,4);
                  ^~~~
main.c(15): note: passing argument to parameter here
void send_data(uint8_t *,uint8_t );
                        ^
main.c(33): warning: no previous prototype for function 'GPIO_config' [-Wmissing-prototypes]
void GPIO_config(){
     ^
main.c(13): note: this declaration is not a prototype; add 'void' to make it a prototype for a zero-parameter function
void GPIO_config();
     ^
                 void
main.c(33): warning: this old-style function definition is not preceded by a prototype [-Wstrict-prototypes]
void GPIO_config(){
                ^
main.c(40): warning: no previous prototype for function 'SPI2_config' [-Wmissing-prototypes]
void SPI2_config(){
     ^
main.c(14): note: this declaration is not a prototype; add 'void' to make it a prototype for a zero-parameter function
void SPI2_config();
     ^
                 void
main.c(40): warning: this old-style function definition is not preceded by a prototype [-Wstrict-prototypes]
void SPI2_config(){
                ^
8 warnings generated.
compiling main.c...
linking...
Program Size: Code=944 RO-data=268 RW-data=0 ZI-data=1632  
".\Objects\spi_work_sample.axf" - 0 Error(s), 8 Warning(s).

<h2>Software Packages used:</h2>

Package Vendor: ARM
                http://www.keil.com/pack/ARM.CMSIS.5.9.0.pack
                ARM.CMSIS.5.9.0
                CMSIS (Common Microcontroller Software Interface Standard)
   * Component: CORE Version: 5.6.0

Package Vendor: Keil
                http://www.keil.com/pack/Keil.STM32F1xx_DFP.2.4.0.pack
                Keil.STM32F1xx_DFP.2.4.0
                STMicroelectronics STM32F1 Series Device Support, Drivers and Examples
   * Component: Startup Version: 1.0.0

<h2>Collection of Component include folders:</h2>
  ./RTE/Device/STM32F103RB
  ./RTE/_Target_1
  C:/Users/tem-1/AppData/Local/Arm/Packs/ARM/CMSIS/5.9.0/CMSIS/Core/Include
  C:/Users/tem-1/AppData/Local/Arm/Packs/Keil/STM32F1xx_DFP/2.4.0/Device/Include

<h2>Collection of Component Files used:</h2>

   * Component: ARM::CMSIS:CORE:5.6.0

   * Component: Keil::Device:Startup:1.0.0
      Source file:   Device/Source/system_stm32f10x.c
      Source file:   Device/Source/ARM/STM32F1xx_OPT.s
      Source file:   Device/Source/ARM/startup_stm32f10x_md.s
      Include file:  RTE_Driver/Config/RTE_Device.h
Build Time Elapsed:  00:00:01
</pre>
</body>
</html>
